Starting Test...
Starting Image Gen Test...
Success! Image data length: 1209671
